{
  "sessionOpenTime": "2020-01-01T00:00:00Z",
  "sessionOpenVehicle": {
    "nation": "FINLAND",
    "number": {
      "encoding": "ISO_8859_1",
      "length": 13,
      "value": "TEST-123"
    }
  }
}