{
  "faults": [
    {
      "valid": false,
      "rawData": "AAAAAAAAAAAAAAAgICAgICAgICAgICAg"
    },
    {
      "valid": false,
      "rawData": "AAAAAAAAAAAAAAAgICAgICAgICAgICAg"
    },
    {
      "valid": false,
      "rawData": "AAAAAAAAAAAAAAAgICAgICAgICAgICAg"
    },
    {
      "valid": false,
      "rawData": "AAAAAAAAAAAAAAAgICAgICAgICAgICAg"
    },
    {
      "valid": false,
      "rawData": "AAAAAAAAAAAAAAAgICAgICAgICAgICAg"
    },
    {
      "valid": false,
      "rawData": "AAAAAAAAAAAAAAAgICAgICAgICAgICAg"
    },
    {
      "valid": false,
      "rawData": "AAAAAAAAAAAAAAAgICAgICAgICAgICAg"
    },
    {
      "valid": false,
      "rawData": "AAAAAAAAAAAAAAAgICAgICAgICAgICAg"
    },
    {
      "valid": false,
      "rawData": "AAAAAAAAAAAAAAAgICAgICAgICAgICAg"
    },
    {
      "valid": false,
      "rawData": "AAAAAAAAAAAAAAAgICAgICAgICAgICAg"
    },
    {
      "valid": false,
      "rawData": "AAAAAAAAAAAAAAAgICAgICAgICAgICAg"
    },
    {
      "valid": false,
      "rawData": "AAAAAAAAAAAAAAAgICAgICAgICAgICAg"
    },
    {
      "valid": false,
      "rawData": "AAAAAAAAAAAAAAAgICAgICAgICAgICAg"
    },
    {
      "valid": false,
      "rawData": "AAAAAAAAAAAAAAAgICAgICAgICAgICAg"
    },
    {
      "valid": false,
      "rawData": "AAAAAAAAAAAAAAAgICAgICAgICAgICAg"
    },
    {
      "valid": false,
      "rawData": "AAAAAAAAAAAAAAAgICAgICAgICAgICAg"
    },
    {
      "valid": false,
      "rawData": "AAAAAAAAAAAAAAAgICAgICAgICAgICAg"
    },
    {
      "valid": false,
      "rawData": "AAAAAAAAAAAAAAAgICAgICAgICAgICAg"
    },
    {
      "valid": false,
      "rawData": "AAAAAAAAAAAAAAAgICAgICAgICAgICAg"
    },
    {
      "valid": false,
      "rawData": "AAAAAAAAAAAAAAAgICAgICAgICAgICAg"
    },
    {
      "valid": false,
      "rawData": "AAAAAAAAAAAAAAAgICAgICAgICAgICAg"
    },
    {
      "valid": false,
      "rawData": "AAAAAAAAAAAAAAAgICAgICAgICAgICAg"
    },
    {
      "valid": false,
      "rawData": "AAAAAAAAAAAAAAAgICAgICAgICAgICAg"
    },
    {
      "valid": false,
      "rawData": "AAAAAAAAAAAAAAAgICAgICAgICAgICAg"
    },
    {
      "valid": false,
      "rawData": "AAAAAAAAAAAAAAAgICAgICAgICAgICAg"
    },
    {
      "valid": false,
      "rawData": "AAAAAAAAAAAAAAAgICAgICAgICAgICAg"
    },
    {
      "valid": false,
      "rawData": "AAAAAAAAAAAAAAAgICAgICAgICAgICAg"
    },
    {
      "valid": false,
      "rawData": "AAAAAAAAAAAAAAAgICAgICAgICAgICAg"
    },
    {
      "valid": false,
      "rawData": "AAAAAAAAAAAAAAAgICAgICAgICAgICAg"
    },
    {
      "valid": false,
      "rawData": "AAAAAAAAAAAAAAAgICAgICAgICAgICAg"
    },
    {
      "valid": false,
      "rawData": "AAAAAAAAAAAAAAAgICAgICAgICAgICAg"
    },
    {
      "valid": false,
      "rawData": "AAAAAAAAAAAAAAAgICAgICAgICAgICAg"
    },
    {
      "valid": false,
      "rawData": "AAAAAAAAAAAAAAAgICAgICAgICAgICAg"
    },
    {
      "valid": false,
      "rawData": "AAAAAAAAAAAAAAAgICAgICAgICAgICAg"
    },
    {
      "valid": false,
      "rawData": "AAAAAAAAAAAAAAAgICAgICAgICAgICAg"
    },
    {
      "valid": false,
      "rawData": "AAAAAAAAAAAAAAAgICAgICAgICAgICAg"
    },
    {
      "valid": false,
      "rawData": "AAAAAAAAAAAAAAAgICAgICAgICAgICAg"
    },
    {
      "valid": false,
      "rawData": "AAAAAAAAAAAAAAAgICAgICAgICAgICAg"
    },
    {
      "valid": false,
      "rawData": "AAAAAAAAAAAAAAAgICAgICAgICAgICAg"
    },
    {
      "valid": false,
      "rawData": "AAAAAAAAAAAAAAAgICAgICAgICAgICAg"
    },
    {
      "valid": false,
      "rawData": "AAAAAAAAAAAAAAAgICAgICAgICAgICAg"
    },
    {
      "valid": false,
      "rawData": "AAAAAAAAAAAAAAAgICAgICAgICAgICAg"
    },
    {
      "valid": false,
      "rawData": "AAAAAAAAAAAAAAAgICAgICAgICAgICAg"
    },
    {
      "valid": false,
      "rawData": "AAAAAAAAAAAAAAAgICAgICAgICAgICAg"
    },
    {
      "valid": false,
      "rawData": "AAAAAAAAAAAAAAAgICAgICAgICAgICAg"
    },
    {
      "valid": false,
      "rawData": "AAAAAAAAAAAAAAAgICAgICAgICAgICAg"
    },
    {
      "valid": false,
      "rawData": "AAAAAAAAAAAAAAAgICAgICAgICAgICAg"
    },
    {
      "valid": false,
      "rawData": "AAAAAAAAAAAAAAAgICAgICAgICAgICAg"
    }
  ]
}