{
  "icSerialNumber": "AAAAAQ==",
  "icManufacturingReferences": "qrvM3Q=="
}