{
  "clockStop": "NOT_ALLOWED",
  "cardExtendedSerialNumber": {
    "serialNumber": "12345678",
    "monthYear": {
      "month": 1,
      "year": 2020
    },
    "type": "DRIVER_CARD",
    "manufacturerCode": 153
  },
  "cardApprovalNumber": {
    "length": 8,
    "value": "TEST0001"
  },
  "cardPersonaliserId": 170,
  "embedderIcAssemblerId": {
    "countryCode": {
      "length": 2,
      "value": "FI"
    },
    "moduleEmbedder": {
      "length": 2,
      "value": "AB"
    },
    "manufacturerInformation": 187
  },
  "icIdentifier": "zN0="
}