{
  "newestRecordIndex": 70,
  "records": [
    {
      "entryTime": "2020-01-01T00:00:00Z",
      "entryTypeDailyWorkPeriod": "BEGIN",
      "dailyWorkPeriodCountry": "FINLAND",
      "dailyWorkPeriodRegion": "AQ==",
      "vehicleOdometerKm": 194500,
      "rawData": "XgvhAAASAQL3xA=="
    },
    {
      "entryTime": "2020-01-01T01:00:00Z",
      "entryTypeDailyWorkPeriod": "END",
      "dailyWorkPeriodCountry": "FINLAND",
      "dailyWorkPeriodRegion": "AQ==",
      "vehicleOdometerKm": 194600,
      "rawData": "XgvvEAESAQL4KA=="
    },
    {
      "entryTime": "2020-01-01T02:00:00Z",
      "entryTypeDailyWorkPeriod": "BEGIN",
      "dailyWorkPeriodCountry": "FINLAND",
      "dailyWorkPeriodRegion": "AQ==",
      "vehicleOdometerKm": 194600,
      "rawData": "Xgv9IAASAQL4KA=="
    },
    {
      "entryTime": "2020-01-01T03:00:00Z",
      "entryTypeDailyWorkPeriod": "END",
      "dailyWorkPeriodCountry": "FINLAND",
      "dailyWorkPeriodRegion": "AQ==",
      "vehicleOdometerKm": 194600,
      "rawData": "XgwLMAESAQL4KA=="
    },
    {
      "entryTime": "2020-01-01T04:00:00Z",
      "entryTypeDailyWorkPeriod": "BEGIN",
      "dailyWorkPeriodCountry": "FINLAND",
      "dailyWorkPeriodRegion": "AQ==",
      "vehicleOdometerKm": 194800,
      "rawData": "XgwZQAASAQL48A=="
    },
    {
      "entryTime": "2020-01-01T05:00:00Z",
      "entryTypeDailyWorkPeriod": "END",
      "dailyWorkPeriodCountry": "FINLAND",
      "dailyWorkPeriodRegion": "AQ==",
      "vehicleOdometerKm": 194800,
      "rawData": "XgwnUAESAQL48A=="
    },
    {
      "entryTime": "2020-01-01T06:00:00Z",
      "entryTypeDailyWorkPeriod": "BEGIN",
      "dailyWorkPeriodCountry": "FINLAND",
      "dailyWorkPeriodRegion": "AQ==",
      "vehicleOdometerKm": 194800,
      "rawData": "Xgw1YAASAQL48A=="
    },
    {
      "entryTime": "2020-01-01T07:00:00Z",
      "entryTypeDailyWorkPeriod": "END",
      "dailyWorkPeriodCountry": "FINLAND",
      "dailyWorkPeriodRegion": "AQ==",
      "vehicleOdometerKm": 194900,
      "rawData": "XgxDcAESAQL5VA=="
    },
    {
      "entryTime": "2020-01-01T08:00:00Z",
      "entryTypeDailyWorkPeriod": "BEGIN",
      "dailyWorkPeriodCountry": "FINLAND",
      "dailyWorkPeriodRegion": "AQ==",
      "vehicleOdometerKm": 194900,
      "rawData": "XgxRgAASAQL5VA=="
    },
    {
      "entryTime": "2020-01-01T09:00:00Z",
      "entryTypeDailyWorkPeriod": "END",
      "dailyWorkPeriodCountry": "FINLAND",
      "dailyWorkPeriodRegion": "AQ==",
      "vehicleOdometerKm": 195000,
      "rawData": "XgxfkAESAQL5uA=="
    },
    {
      "entryTime": "2020-01-01T10:00:00Z",
      "entryTypeDailyWorkPeriod": "BEGIN",
      "dailyWorkPeriodCountry": "FINLAND",
      "dailyWorkPeriodRegion": "AQ==",
      "vehicleOdometerKm": 195000,
      "rawData": "XgxtoAASAQL5uA=="
    },
    {
      "entryTime": "2020-01-01T11:00:00Z",
      "entryTypeDailyWorkPeriod": "END",
      "dailyWorkPeriodCountry": "FINLAND",
      "dailyWorkPeriodRegion": "AQ==",
      "vehicleOdometerKm": 195100,
      "rawData": "Xgx7sAESAQL6HA=="
    },
    {
      "entryTime": "2020-01-01T12:00:00Z",
      "entryTypeDailyWorkPeriod": "BEGIN",
      "dailyWorkPeriodCountry": "FINLAND",
      "dailyWorkPeriodRegion": "AQ==",
      "vehicleOdometerKm": 195100,
      "rawData": "XgyJwAASAQL6HA=="
    },
    {
      "entryTime": "2020-01-01T13:00:00Z",
      "entryTypeDailyWorkPeriod": "END",
      "dailyWorkPeriodCountry": "FINLAND",
      "dailyWorkPeriodRegion": "AQ==",
      "vehicleOdometerKm": 195100,
      "rawData": "XgyX0AESAQL6HA=="
    },
    {
      "entryTime": "2020-01-01T14:00:00Z",
      "entryTypeDailyWorkPeriod": "END",
      "dailyWorkPeriodCountry": "FINLAND",
      "dailyWorkPeriodRegion": "AQ==",
      "vehicleOdometerKm": 195300,
      "rawData": "Xgyl4AESAQL65A=="
    },
    {
      "entryTime": "2020-01-01T15:00:00Z",
      "entryTypeDailyWorkPeriod": "BEGIN",
      "dailyWorkPeriodCountry": "FINLAND",
      "dailyWorkPeriodRegion": "AQ==",
      "vehicleOdometerKm": 195300,
      "rawData": "Xgyz8AASAQL65A=="
    },
    {
      "entryTime": "2020-01-01T16:00:00Z",
      "entryTypeDailyWorkPeriod": "END",
      "dailyWorkPeriodCountry": "FINLAND",
      "dailyWorkPeriodRegion": "AQ==",
      "vehicleOdometerKm": 195400,
      "rawData": "XgzCAAESAQL7SA=="
    },
    {
      "entryTime": "2020-01-01T17:00:00Z",
      "entryTypeDailyWorkPeriod": "BEGIN",
      "dailyWorkPeriodCountry": "FINLAND",
      "dailyWorkPeriodRegion": "AQ==",
      "vehicleOdometerKm": 195400,
      "rawData": "XgzQEAASAQL7SA=="
    },
    {
      "entryTime": "2020-01-01T18:00:00Z",
      "entryTypeDailyWorkPeriod": "END",
      "dailyWorkPeriodCountry": "FINLAND",
      "dailyWorkPeriodRegion": "AQ==",
      "vehicleOdometerKm": 195500,
      "rawData": "XgzeIAESAQL7rA=="
    },
    {
      "entryTime": "2020-01-01T19:00:00Z",
      "entryTypeDailyWorkPeriod": "BEGIN",
      "dailyWorkPeriodCountry": "FINLAND",
      "dailyWorkPeriodRegion": "AQ==",
      "vehicleOdometerKm": 195500,
      "rawData": "XgzsMAASAQL7rA=="
    },
    {
      "entryTime": "2020-01-01T20:00:00Z",
      "entryTypeDailyWorkPeriod": "END",
      "dailyWorkPeriodCountry": "FINLAND",
      "dailyWorkPeriodRegion": "AQ==",
      "vehicleOdometerKm": 195600,
      "rawData": "Xgz6QAESAQL8EA=="
    },
    {
      "entryTime": "2020-01-01T21:00:00Z",
      "entryTypeDailyWorkPeriod": "BEGIN",
      "dailyWorkPeriodCountry": "FINLAND",
      "dailyWorkPeriodRegion": "AQ==",
      "vehicleOdometerKm": 195600,
      "rawData": "Xg0IUAASAQL8EA=="
    },
    {
      "entryTime": "2020-01-01T22:00:00Z",
      "entryTypeDailyWorkPeriod": "END",
      "dailyWorkPeriodCountry": "FINLAND",
      "dailyWorkPeriodRegion": "AQ==",
      "vehicleOdometerKm": 195700,
      "rawData": "Xg0WYAESAQL8dA=="
    },
    {
      "entryTime": "2020-01-01T23:00:00Z",
      "entryTypeDailyWorkPeriod": "BEGIN",
      "dailyWorkPeriodCountry": "FINLAND",
      "dailyWorkPeriodRegion": "AQ==",
      "vehicleOdometerKm": 195700,
      "rawData": "Xg0kcAASAQL8dA=="
    },
    {
      "entryTime": "2020-01-02T00:00:00Z",
      "entryTypeDailyWorkPeriod": "END",
      "dailyWorkPeriodCountry": "FINLAND",
      "dailyWorkPeriodRegion": "AQ==",
      "vehicleOdometerKm": 195800,
      "rawData": "Xg0ygAESAQL82A=="
    },
    {
      "entryTime": "2020-01-02T01:00:00Z",
      "entryTypeDailyWorkPeriod": "BEGIN",
      "dailyWorkPeriodCountry": "FINLAND",
      "dailyWorkPeriodRegion": "AQ==",
      "vehicleOdometerKm": 195800,
      "rawData": "Xg1AkAASAQL82A=="
    },
    {
      "entryTime": "2020-01-02T02:00:00Z",
      "entryTypeDailyWorkPeriod": "END",
      "dailyWorkPeriodCountry": "FINLAND",
      "dailyWorkPeriodRegion": "AQ==",
      "vehicleOdometerKm": 195900,
      "rawData": "Xg1OoAESAQL9PA=="
    },
    {
      "entryTime": "2020-01-02T03:00:00Z",
      "entryTypeDailyWorkPeriod": "BEGIN",
      "dailyWorkPeriodCountry": "FINLAND",
      "dailyWorkPeriodRegion": "AQ==",
      "vehicleOdometerKm": 195900,
      "rawData": "Xg1csAASAQL9PA=="
    },
    {
      "entryTime": "2020-01-02T04:00:00Z",
      "entryTypeDailyWorkPeriod": "END",
      "dailyWorkPeriodCountry": "FINLAND",
      "dailyWorkPeriodRegion": "AQ==",
      "vehicleOdometerKm": 195900,
      "rawData": "Xg1qwAESAQL9PA=="
    },
    {
      "entryTime": "2020-01-02T05:00:00Z",
      "entryTypeDailyWorkPeriod": "BEGIN",
      "dailyWorkPeriodCountry": "FINLAND",
      "dailyWorkPeriodRegion": "AQ==",
      "vehicleOdometerKm": 195900,
      "rawData": "Xg140AASAQL9PA=="
    },
    {
      "entryTime": "2020-01-02T06:00:00Z",
      "entryTypeDailyWorkPeriod": "END",
      "dailyWorkPeriodCountry": "FINLAND",
      "dailyWorkPeriodRegion": "AQ==",
      "vehicleOdometerKm": 196000,
      "rawData": "Xg2G4AESAQL9oA=="
    },
    {
      "entryTime": "2020-01-02T07:00:00Z",
      "entryTypeDailyWorkPeriod": "BEGIN",
      "dailyWorkPeriodCountry": "FINLAND",
      "dailyWorkPeriodRegion": "AQ==",
      "vehicleOdometerKm": 196000,
      "rawData": "Xg2U8AASAQL9oA=="
    },
    {
      "entryTime": "2020-01-02T08:00:00Z",
      "entryTypeDailyWorkPeriod": "END",
      "dailyWorkPeriodCountry": "FINLAND",
      "dailyWorkPeriodRegion": "AQ==",
      "vehicleOdometerKm": 196100,
      "rawData": "Xg2jAAESAQL+BA=="
    },
    {
      "entryTime": "2020-01-02T09:00:00Z",
      "entryTypeDailyWorkPeriod": "BEGIN",
      "dailyWorkPeriodCountry": "FINLAND",
      "dailyWorkPeriodRegion": "AQ==",
      "vehicleOdometerKm": 196200,
      "rawData": "Xg2xEAASAQL+aA=="
    },
    {
      "entryTime": "2020-01-02T10:00:00Z",
      "entryTypeDailyWorkPeriod": "END",
      "dailyWorkPeriodCountry": "FINLAND",
      "dailyWorkPeriodRegion": "AQ==",
      "vehicleOdometerKm": 196300,
      "rawData": "Xg2/IAESAQL+zA=="
    },
    {
      "entryTime": "2020-01-02T11:00:00Z",
      "entryTypeDailyWorkPeriod": "BEGIN",
      "dailyWorkPeriodCountry": "FINLAND",
      "dailyWorkPeriodRegion": "AQ==",
      "vehicleOdometerKm": 196300,
      "rawData": "Xg3NMAASAQL+zA=="
    },
    {
      "entryTime": "2020-01-02T12:00:00Z",
      "entryTypeDailyWorkPeriod": "END",
      "dailyWorkPeriodCountry": "FINLAND",
      "dailyWorkPeriodRegion": "AQ==",
      "vehicleOdometerKm": 196400,
      "rawData": "Xg3bQAESAQL/MA=="
    },
    {
      "entryTime": "2020-01-02T13:00:00Z",
      "entryTypeDailyWorkPeriod": "BEGIN",
      "dailyWorkPeriodCountry": "FINLAND",
      "dailyWorkPeriodRegion": "AQ==",
      "vehicleOdometerKm": 196400,
      "rawData": "Xg3pUAASAQL/MA=="
    },
    {
      "entryTime": "2020-01-02T14:00:00Z",
      "entryTypeDailyWorkPeriod": "END",
      "dailyWorkPeriodCountry": "FINLAND",
      "dailyWorkPeriodRegion": "AQ==",
      "vehicleOdometerKm": 196400,
      "rawData": "Xg33YAESAQL/MA=="
    },
    {
      "entryTime": "2020-01-02T15:00:00Z",
      "entryTypeDailyWorkPeriod": "BEGIN",
      "dailyWorkPeriodCountry": "FINLAND",
      "dailyWorkPeriodRegion": "AQ==",
      "vehicleOdometerKm": 196400,
      "rawData": "Xg4FcAASAQL/MA=="
    },
    {
      "entryTime": "2020-01-02T16:00:00Z",
      "entryTypeDailyWorkPeriod": "END",
      "dailyWorkPeriodCountry": "FINLAND",
      "dailyWorkPeriodRegion": "AQ==",
      "vehicleOdometerKm": 196500,
      "rawData": "Xg4TgAESAQL/lA=="
    },
    {
      "entryTime": "2020-01-02T17:00:00Z",
      "entryTypeDailyWorkPeriod": "BEGIN",
      "dailyWorkPeriodCountry": "FINLAND",
      "dailyWorkPeriodRegion": "AQ==",
      "vehicleOdometerKm": 196500,
      "rawData": "Xg4hkAASAQL/lA=="
    },
    {
      "entryTime": "2020-01-02T18:00:00Z",
      "entryTypeDailyWorkPeriod": "END",
      "dailyWorkPeriodCountry": "FINLAND",
      "dailyWorkPeriodRegion": "AQ==",
      "vehicleOdometerKm": 196600,
      "rawData": "Xg4voAESAQL/+A=="
    },
    {
      "entryTime": "2020-01-02T19:00:00Z",
      "entryTypeDailyWorkPeriod": "BEGIN",
      "dailyWorkPeriodCountry": "FINLAND",
      "dailyWorkPeriodRegion": "AQ==",
      "vehicleOdometerKm": 196700,
      "rawData": "Xg49sAASAQMAXA=="
    },
    {
      "entryTime": "2020-01-02T20:00:00Z",
      "entryTypeDailyWorkPeriod": "END",
      "dailyWorkPeriodCountry": "FINLAND",
      "dailyWorkPeriodRegion": "AQ==",
      "vehicleOdometerKm": 196800,
      "rawData": "Xg5LwAESAQMAwA=="
    },
    {
      "entryTime": "2020-01-02T21:00:00Z",
      "entryTypeDailyWorkPeriod": "BEGIN",
      "dailyWorkPeriodCountry": "FINLAND",
      "dailyWorkPeriodRegion": "AQ==",
      "vehicleOdometerKm": 196800,
      "rawData": "Xg5Z0AASAQMAwA=="
    },
    {
      "entryTime": "2020-01-02T22:00:00Z",
      "entryTypeDailyWorkPeriod": "END",
      "dailyWorkPeriodCountry": "FINLAND",
      "dailyWorkPeriodRegion": "AQ==",
      "vehicleOdometerKm": 196800,
      "rawData": "Xg5n4AESAQMAwA=="
    },
    {
      "entryTime": "2020-01-02T23:00:00Z",
      "entryTypeDailyWorkPeriod": "BEGIN",
      "dailyWorkPeriodCountry": "FINLAND",
      "dailyWorkPeriodRegion": "AQ==",
      "vehicleOdometerKm": 196800,
      "rawData": "Xg518AASAQMAwA=="
    },
    {
      "entryTime": "2020-01-03T00:00:00Z",
      "entryTypeDailyWorkPeriod": "END",
      "dailyWorkPeriodCountry": "FINLAND",
      "dailyWorkPeriodRegion": "AQ==",
      "vehicleOdometerKm": 196900,
      "rawData": "Xg6EAAESAQMBJA=="
    },
    {
      "entryTime": "2020-01-03T01:00:00Z",
      "entryTypeDailyWorkPeriod": "BEGIN",
      "dailyWorkPeriodCountry": "FINLAND",
      "dailyWorkPeriodRegion": "AQ==",
      "vehicleOdometerKm": 196900,
      "rawData": "Xg6SEAASAQMBJA=="
    },
    {
      "entryTime": "2020-01-03T02:00:00Z",
      "entryTypeDailyWorkPeriod": "END",
      "dailyWorkPeriodCountry": "FINLAND",
      "dailyWorkPeriodRegion": "AQ==",
      "vehicleOdometerKm": 197000,
      "rawData": "Xg6gIAESAQMBiA=="
    },
    {
      "entryTime": "2020-01-03T03:00:00Z",
      "entryTypeDailyWorkPeriod": "BEGIN",
      "dailyWorkPeriodCountry": "FINLAND",
      "dailyWorkPeriodRegion": "AQ==",
      "vehicleOdometerKm": 197100,
      "rawData": "Xg6uMAASAQMB7A=="
    },
    {
      "entryTime": "2020-01-03T04:00:00Z",
      "entryTypeDailyWorkPeriod": "END",
      "dailyWorkPeriodCountry": "FINLAND",
      "dailyWorkPeriodRegion": "AQ==",
      "vehicleOdometerKm": 197100,
      "rawData": "Xg68QAESAQMB7A=="
    },
    {
      "entryTime": "2020-01-03T05:00:00Z",
      "entryTypeDailyWorkPeriod": "BEGIN",
      "dailyWorkPeriodCountry": "FINLAND",
      "dailyWorkPeriodRegion": "AQ==",
      "vehicleOdometerKm": 197100,
      "rawData": "Xg7KUAASAQMB7A=="
    },
    {
      "entryTime": "2020-01-03T06:00:00Z",
      "entryTypeDailyWorkPeriod": "END",
      "dailyWorkPeriodCountry": "FINLAND",
      "dailyWorkPeriodRegion": "AQ==",
      "vehicleOdometerKm": 197200,
      "rawData": "Xg7YYAESAQMCUA=="
    },
    {
      "entryTime": "2020-01-03T07:00:00Z",
      "entryTypeDailyWorkPeriod": "BEGIN",
      "dailyWorkPeriodCountry": "FINLAND",
      "dailyWorkPeriodRegion": "AQ==",
      "vehicleOdometerKm": 197200,
      "rawData": "Xg7mcAASAQMCUA=="
    },
    {
      "entryTime": "2020-01-03T08:00:00Z",
      "entryTypeDailyWorkPeriod": "END",
      "dailyWorkPeriodCountry": "FINLAND",
      "dailyWorkPeriodRegion": "AQ==",
      "vehicleOdometerKm": 197300,
      "rawData": "Xg70gAESAQMCtA=="
    },
    {
      "entryTime": "2020-01-03T09:00:00Z",
      "entryTypeDailyWorkPeriod": "BEGIN",
      "dailyWorkPeriodCountry": "FINLAND",
      "dailyWorkPeriodRegion": "AQ==",
      "vehicleOdometerKm": 197300,
      "rawData": "Xg8CkAASAQMCtA=="
    },
    {
      "entryTime": "2020-01-03T10:00:00Z",
      "entryTypeDailyWorkPeriod": "END",
      "dailyWorkPeriodCountry": "FINLAND",
      "dailyWorkPeriodRegion": "AQ==",
      "vehicleOdometerKm": 197300,
      "rawData": "Xg8QoAESAQMCtA=="
    },
    {
      "entryTime": "2020-01-03T11:00:00Z",
      "entryTypeDailyWorkPeriod": "BEGIN",
      "dailyWorkPeriodCountry": "FINLAND",
      "dailyWorkPeriodRegion": "AQ==",
      "vehicleOdometerKm": 197300,
      "rawData": "Xg8esAASAQMCtA=="
    },
    {
      "entryTime": "2020-01-03T12:00:00Z",
      "entryTypeDailyWorkPeriod": "END",
      "dailyWorkPeriodCountry": "FINLAND",
      "dailyWorkPeriodRegion": "AQ==",
      "vehicleOdometerKm": 197400,
      "rawData": "Xg8swAESAQMDGA=="
    },
    {
      "entryTime": "2020-01-03T13:00:00Z",
      "entryTypeDailyWorkPeriod": "BEGIN",
      "dailyWorkPeriodCountry": "FINLAND",
      "dailyWorkPeriodRegion": "AQ==",
      "vehicleOdometerKm": 197600,
      "rawData": "Xg860AASAQMD4A=="
    },
    {
      "entryTime": "2020-01-03T14:00:00Z",
      "entryTypeDailyWorkPeriod": "END",
      "dailyWorkPeriodCountry": "FINLAND",
      "dailyWorkPeriodRegion": "AQ==",
      "vehicleOdometerKm": 197600,
      "rawData": "Xg9I4AESAQMD4A=="
    },
    {
      "entryTime": "2020-01-03T15:00:00Z",
      "entryTypeDailyWorkPeriod": "BEGIN",
      "dailyWorkPeriodCountry": "FINLAND",
      "dailyWorkPeriodRegion": "AQ==",
      "vehicleOdometerKm": 197600,
      "rawData": "Xg9W8AASAQMD4A=="
    },
    {
      "entryTime": "2020-01-03T16:00:00Z",
      "entryTypeDailyWorkPeriod": "END",
      "dailyWorkPeriodCountry": "FINLAND",
      "dailyWorkPeriodRegion": "AQ==",
      "vehicleOdometerKm": 197700,
      "rawData": "Xg9lAAESAQMERA=="
    },
    {
      "entryTime": "2020-01-03T17:00:00Z",
      "entryTypeDailyWorkPeriod": "END",
      "dailyWorkPeriodCountry": "FINLAND",
      "dailyWorkPeriodRegion": "AQ==",
      "vehicleOdometerKm": 197800,
      "rawData": "Xg9zEAESAQMEqA=="
    },
    {
      "entryTime": "2020-01-03T18:00:00Z",
      "entryTypeDailyWorkPeriod": "BEGIN",
      "dailyWorkPeriodCountry": "FINLAND",
      "dailyWorkPeriodRegion": "AQ==",
      "vehicleOdometerKm": 197800,
      "rawData": "Xg+BIAASAQMEqA=="
    },
    {
      "entryTime": "2020-01-03T19:00:00Z",
      "entryTypeDailyWorkPeriod": "END",
      "dailyWorkPeriodCountry": "FINLAND",
      "dailyWorkPeriodRegion": "AQ==",
      "vehicleOdometerKm": 197900,
      "rawData": "Xg+PMAESAQMFDA=="
    },
    {
      "entryTime": "2020-01-03T20:00:00Z",
      "entryTypeDailyWorkPeriod": "BEGIN",
      "dailyWorkPeriodCountry": "FINLAND",
      "dailyWorkPeriodRegion": "AQ==",
      "vehicleOdometerKm": 197900,
      "rawData": "Xg+dQAASAQMFDA=="
    },
    {
      "entryTime": "2020-01-03T21:00:00Z",
      "entryTypeDailyWorkPeriod": "END",
      "dailyWorkPeriodCountry": "FINLAND",
      "dailyWorkPeriodRegion": "AQ==",
      "vehicleOdometerKm": 198000,
      "rawData": "Xg+rUAESAQMFcA=="
    },
    {
      "entryTime": "2020-01-03T22:00:00Z",
      "entryTypeDailyWorkPeriod": "BEGIN",
      "dailyWorkPeriodCountry": "FINLAND",
      "dailyWorkPeriodRegion": "AQ==",
      "vehicleOdometerKm": 305800,
      "rawData": "Xg+5YAASAQSqiA=="
    },
    {
      "entryTime": "2020-01-03T23:00:00Z",
      "entryTypeDailyWorkPeriod": "BEGIN",
      "dailyWorkPeriodCountry": "FINLAND",
      "dailyWorkPeriodRegion": "AQ==",
      "vehicleOdometerKm": 192300,
      "rawData": "Xg/HcAASAQLvLA=="
    },
    {
      "entryTime": "2020-01-04T00:00:00Z",
      "entryTypeDailyWorkPeriod": "END",
      "dailyWorkPeriodCountry": "FINLAND",
      "dailyWorkPeriodRegion": "AQ==",
      "vehicleOdometerKm": 192400,
      "rawData": "Xg/VgAESAQLvkA=="
    },
    {
      "entryTime": "2020-01-04T01:00:00Z",
      "entryTypeDailyWorkPeriod": "BEGIN",
      "dailyWorkPeriodCountry": "FINLAND",
      "dailyWorkPeriodRegion": "AQ==",
      "vehicleOdometerKm": 192500,
      "rawData": "Xg/jkAASAQLv9A=="
    },
    {
      "entryTime": "2020-01-04T02:00:00Z",
      "entryTypeDailyWorkPeriod": "END",
      "dailyWorkPeriodCountry": "FINLAND",
      "dailyWorkPeriodRegion": "AQ==",
      "vehicleOdometerKm": 192600,
      "rawData": "Xg/xoAESAQLwWA=="
    },
    {
      "entryTime": "2020-01-04T03:00:00Z",
      "entryTypeDailyWorkPeriod": "BEGIN",
      "dailyWorkPeriodCountry": "FINLAND",
      "dailyWorkPeriodRegion": "AQ==",
      "vehicleOdometerKm": 192600,
      "rawData": "Xg//sAASAQLwWA=="
    },
    {
      "entryTime": "2020-01-04T04:00:00Z",
      "entryTypeDailyWorkPeriod": "END",
      "dailyWorkPeriodCountry": "FINLAND",
      "dailyWorkPeriodRegion": "AQ==",
      "vehicleOdometerKm": 192600,
      "rawData": "XhANwAESAQLwWA=="
    },
    {
      "entryTime": "2020-01-04T05:00:00Z",
      "entryTypeDailyWorkPeriod": "BEGIN",
      "dailyWorkPeriodCountry": "FINLAND",
      "dailyWorkPeriodRegion": "AQ==",
      "vehicleOdometerKm": 192600,
      "rawData": "XhAb0AASAQLwWA=="
    },
    {
      "entryTime": "2020-01-04T06:00:00Z",
      "entryTypeDailyWorkPeriod": "END",
      "dailyWorkPeriodCountry": "FINLAND",
      "dailyWorkPeriodRegion": "AQ==",
      "vehicleOdometerKm": 192700,
      "rawData": "XhAp4AESAQLwvA=="
    },
    {
      "entryTime": "2020-01-04T07:00:00Z",
      "entryTypeDailyWorkPeriod": "BEGIN",
      "dailyWorkPeriodCountry": "FINLAND",
      "dailyWorkPeriodRegion": "AQ==",
      "vehicleOdometerKm": 192700,
      "rawData": "XhA38AASAQLwvA=="
    },
    {
      "entryTime": "2020-01-04T08:00:00Z",
      "entryTypeDailyWorkPeriod": "END",
      "dailyWorkPeriodCountry": "FINLAND",
      "dailyWorkPeriodRegion": "AQ==",
      "vehicleOdometerKm": 192800,
      "rawData": "XhBGAAESAQLxIA=="
    },
    {
      "entryTime": "2020-01-04T09:00:00Z",
      "entryTypeDailyWorkPeriod": "BEGIN",
      "dailyWorkPeriodCountry": "FINLAND",
      "dailyWorkPeriodRegion": "AQ==",
      "vehicleOdometerKm": 192900,
      "rawData": "XhBUEAASAQLxhA=="
    },
    {
      "entryTime": "2020-01-04T10:00:00Z",
      "entryTypeDailyWorkPeriod": "END",
      "dailyWorkPeriodCountry": "FINLAND",
      "dailyWorkPeriodRegion": "AQ==",
      "vehicleOdometerKm": 193000,
      "rawData": "XhBiIAESAQLx6A=="
    },
    {
      "entryTime": "2020-01-04T11:00:00Z",
      "entryTypeDailyWorkPeriod": "BEGIN",
      "dailyWorkPeriodCountry": "FINLAND",
      "dailyWorkPeriodRegion": "AQ==",
      "vehicleOdometerKm": 193000,
      "rawData": "XhBwMAASAQLx6A=="
    },
    {
      "entryTime": "2020-01-04T12:00:00Z",
      "entryTypeDailyWorkPeriod": "END",
      "dailyWorkPeriodCountry": "FINLAND",
      "dailyWorkPeriodRegion": "AQ==",
      "vehicleOdometerKm": 193100,
      "rawData": "XhB+QAESAQLyTA=="
    },
    {
      "entryTime": "2020-01-04T13:00:00Z",
      "entryTypeDailyWorkPeriod": "BEGIN",
      "dailyWorkPeriodCountry": "FINLAND",
      "dailyWorkPeriodRegion": "AQ==",
      "vehicleOdometerKm": 193100,
      "rawData": "XhCMUAASAQLyTA=="
    },
    {
      "entryTime": "2020-01-04T14:00:00Z",
      "entryTypeDailyWorkPeriod": "END",
      "dailyWorkPeriodCountry": "FINLAND",
      "dailyWorkPeriodRegion": "AQ==",
      "vehicleOdometerKm": 193100,
      "rawData": "XhCaYAESAQLyTA=="
    },
    {
      "entryTime": "2020-01-04T15:00:00Z",
      "entryTypeDailyWorkPeriod": "BEGIN",
      "dailyWorkPeriodCountry": "FINLAND",
      "dailyWorkPeriodRegion": "AQ==",
      "vehicleOdometerKm": 193100,
      "rawData": "XhCocAASAQLyTA=="
    },
    {
      "entryTime": "2020-01-04T16:00:00Z",
      "entryTypeDailyWorkPeriod": "END",
      "dailyWorkPeriodCountry": "FINLAND",
      "dailyWorkPeriodRegion": "AQ==",
      "vehicleOdometerKm": 193200,
      "rawData": "XhC2gAESAQLysA=="
    },
    {
      "entryTime": "2020-01-04T17:00:00Z",
      "entryTypeDailyWorkPeriod": "BEGIN",
      "dailyWorkPeriodCountry": "FINLAND",
      "dailyWorkPeriodRegion": "AQ==",
      "vehicleOdometerKm": 193300,
      "rawData": "XhDEkAASAQLzFA=="
    },
    {
      "entryTime": "2020-01-04T18:00:00Z",
      "entryTypeDailyWorkPeriod": "END",
      "dailyWorkPeriodCountry": "FINLAND",
      "dailyWorkPeriodRegion": "AQ==",
      "vehicleOdometerKm": 193400,
      "rawData": "XhDSoAESAQLzeA=="
    },
    {
      "entryTime": "2020-01-04T19:00:00Z",
      "entryTypeDailyWorkPeriod": "END",
      "dailyWorkPeriodCountry": "FINLAND",
      "dailyWorkPeriodRegion": "AQ==",
      "vehicleOdometerKm": 193500,
      "rawData": "XhDgsAESAQLz3A=="
    },
    {
      "entryTime": "2020-01-04T20:00:00Z",
      "entryTypeDailyWorkPeriod": "END",
      "dailyWorkPeriodCountry": "FINLAND",
      "dailyWorkPeriodRegion": "AQ==",
      "vehicleOdometerKm": 193600,
      "rawData": "XhDuwAESAQL0QA=="
    },
    {
      "entryTime": "2020-01-04T21:00:00Z",
      "entryTypeDailyWorkPeriod": "BEGIN",
      "dailyWorkPeriodCountry": "FINLAND",
      "dailyWorkPeriodRegion": "AQ==",
      "vehicleOdometerKm": 193600,
      "rawData": "XhD80AASAQL0QA=="
    },
    {
      "entryTime": "2020-01-04T22:00:00Z",
      "entryTypeDailyWorkPeriod": "END",
      "dailyWorkPeriodCountry": "FINLAND",
      "dailyWorkPeriodRegion": "AQ==",
      "vehicleOdometerKm": 193600,
      "rawData": "XhEK4AESAQL0QA=="
    },
    {
      "entryTime": "2020-01-04T23:00:00Z",
      "entryTypeDailyWorkPeriod": "END",
      "dailyWorkPeriodCountry": "FINLAND",
      "dailyWorkPeriodRegion": "AQ==",
      "vehicleOdometerKm": 193900,
      "rawData": "XhEY8AESAQL1bA=="
    },
    {
      "entryTime": "2020-01-05T00:00:00Z",
      "entryTypeDailyWorkPeriod": "BEGIN",
      "dailyWorkPeriodCountry": "FINLAND",
      "dailyWorkPeriodRegion": "AQ==",
      "vehicleOdometerKm": 193900,
      "rawData": "XhEnAAASAQL1bA=="
    },
    {
      "entryTime": "2020-01-05T01:00:00Z",
      "entryTypeDailyWorkPeriod": "END",
      "dailyWorkPeriodCountry": "FINLAND",
      "dailyWorkPeriodRegion": "AQ==",
      "vehicleOdometerKm": 193900,
      "rawData": "XhE1EAESAQL1bA=="
    },
    {
      "entryTime": "2020-01-05T02:00:00Z",
      "entryTypeDailyWorkPeriod": "BEGIN",
      "dailyWorkPeriodCountry": "FINLAND",
      "dailyWorkPeriodRegion": "AQ==",
      "vehicleOdometerKm": 193900,
      "rawData": "XhFDIAASAQL1bA=="
    },
    {
      "entryTime": "2020-01-05T03:00:00Z",
      "entryTypeDailyWorkPeriod": "END",
      "dailyWorkPeriodCountry": "FINLAND",
      "dailyWorkPeriodRegion": "AQ==",
      "vehicleOdometerKm": 194000,
      "rawData": "XhFRMAESAQL10A=="
    },
    {
      "entryTime": "2020-01-05T04:00:00Z",
      "entryTypeDailyWorkPeriod": "END",
      "dailyWorkPeriodCountry": "FINLAND",
      "dailyWorkPeriodRegion": "AQ==",
      "vehicleOdometerKm": 113300,
      "rawData": "XhFfQAESAQG6lA=="
    },
    {
      "entryTime": "2020-01-05T05:00:00Z",
      "entryTypeDailyWorkPeriod": "END_GNSS",
      "dailyWorkPeriodCountry": "FINLAND",
      "dailyWorkPeriodRegion": "AQ==",
      "vehicleOdometerKm": 113300,
      "rawData": "XhFtUAMSAQG6lA=="
    },
    {
      "entryTime": "2020-01-05T06:00:00Z",
      "entryTypeDailyWorkPeriod": "BEGIN",
      "dailyWorkPeriodCountry": "FINLAND",
      "dailyWorkPeriodRegion": "AQ==",
      "vehicleOdometerKm": 113300,
      "rawData": "XhF7YAASAQG6lA=="
    },
    {
      "entryTime": "2020-01-05T07:00:00Z",
      "entryTypeDailyWorkPeriod": "END",
      "dailyWorkPeriodCountry": "FINLAND",
      "dailyWorkPeriodRegion": "AQ==",
      "vehicleOdometerKm": 113400,
      "rawData": "XhGJcAESAQG6+A=="
    },
    {
      "entryTime": "2020-01-05T08:00:00Z",
      "entryTypeDailyWorkPeriod": "BEGIN",
      "dailyWorkPeriodCountry": "FINLAND",
      "dailyWorkPeriodRegion": "AQ==",
      "vehicleOdometerKm": 194000,
      "rawData": "XhGXgAASAQL10A=="
    },
    {
      "entryTime": "2020-01-05T09:00:00Z",
      "entryTypeDailyWorkPeriod": "END",
      "dailyWorkPeriodCountry": "FINLAND",
      "dailyWorkPeriodRegion": "AQ==",
      "vehicleOdometerKm": 194100,
      "rawData": "XhGlkAESAQL2NA=="
    },
    {
      "entryTime": "2020-01-05T10:00:00Z",
      "entryTypeDailyWorkPeriod": "BEGIN",
      "dailyWorkPeriodCountry": "FINLAND",
      "dailyWorkPeriodRegion": "AQ==",
      "vehicleOdometerKm": 194300,
      "rawData": "XhGzoAASAQL2/A=="
    },
    {
      "entryTime": "2020-01-05T11:00:00Z",
      "entryTypeDailyWorkPeriod": "END",
      "dailyWorkPeriodCountry": "FINLAND",
      "dailyWorkPeriodRegion": "AQ==",
      "vehicleOdometerKm": 194300,
      "rawData": "XhHBsAESAQL2/A=="
    },
    {
      "entryTime": "2020-01-05T12:00:00Z",
      "entryTypeDailyWorkPeriod": "BEGIN",
      "dailyWorkPeriodCountry": "FINLAND",
      "dailyWorkPeriodRegion": "AQ==",
      "vehicleOdometerKm": 194300,
      "rawData": "XhHPwAASAQL2/A=="
    },
    {
      "entryTime": "2020-01-05T13:00:00Z",
      "entryTypeDailyWorkPeriod": "END",
      "dailyWorkPeriodCountry": "FINLAND",
      "dailyWorkPeriodRegion": "AQ==",
      "vehicleOdometerKm": 194400,
      "rawData": "XhHd0AESAQL3YA=="
    },
    {
      "entryTime": "2020-01-05T14:00:00Z",
      "entryTypeDailyWorkPeriod": "BEGIN",
      "dailyWorkPeriodCountry": "FINLAND",
      "dailyWorkPeriodRegion": "AQ==",
      "vehicleOdometerKm": 194400,
      "rawData": "XhHr4AASAQL3YA=="
    },
    {
      "entryTime": "2020-01-05T15:00:00Z",
      "entryTypeDailyWorkPeriod": "END",
      "dailyWorkPeriodCountry": "FINLAND",
      "dailyWorkPeriodRegion": "AQ==",
      "vehicleOdometerKm": 194500,
      "rawData": "XhH58AESAQL3xA=="
    }
  ],
  "rawData": "Rl4L4QAAEgEC98ReC+8QARIBAvgoXgv9IAASAQL4KF4MCzABEgEC+CheDBlAABIBAvjwXgwnUAESAQL48F4MNWAAEgEC+PBeDENwARIBAvlUXgxRgAASAQL5VF4MX5ABEgEC+bheDG2gABIBAvm4Xgx7sAESAQL6HF4MicAAEgEC+hxeDJfQARIBAvocXgyl4AESAQL65F4Ms/AAEgEC+uReDMIAARIBAvtIXgzQEAASAQL7SF4M3iABEgEC+6xeDOwwABIBAvusXgz6QAESAQL8EF4NCFAAEgEC/BBeDRZgARIBAvx0Xg0kcAASAQL8dF4NMoABEgEC/NheDUCQABIBAvzYXg1OoAESAQL9PF4NXLAAEgEC/TxeDWrAARIBAv08Xg140AASAQL9PF4NhuABEgEC/aBeDZTwABIBAv2gXg2jAAESAQL+BF4NsRAAEgEC/mheDb8gARIBAv7MXg3NMAASAQL+zF4N20ABEgEC/zBeDelQABIBAv8wXg33YAESAQL/MF4OBXAAEgEC/zBeDhOAARIBAv+UXg4hkAASAQL/lF4OL6ABEgEC//heDj2wABIBAwBcXg5LwAESAQMAwF4OWdAAEgEDAMBeDmfgARIBAwDAXg518AASAQMAwF4OhAABEgEDASReDpIQABIBAwEkXg6gIAESAQMBiF4OrjAAEgEDAexeDrxAARIBAwHsXg7KUAASAQMB7F4O2GABEgEDAlBeDuZwABIBAwJQXg70gAESAQMCtF4PApAAEgEDArReDxCgARIBAwK0Xg8esAASAQMCtF4PLMABEgEDAxheDzrQABIBAwPgXg9I4AESAQMD4F4PVvAAEgEDA+BeD2UAARIBAwREXg9zEAESAQMEqF4PgSAAEgEDBKheD48wARIBAwUMXg+dQAASAQMFDF4Pq1ABEgEDBXBeD7lgABIBBKqIXg/HcAASAQLvLF4P1YABEgEC75BeD+OQABIBAu/0Xg/xoAESAQLwWF4P/7AAEgEC8FheEA3AARIBAvBYXhAb0AASAQLwWF4QKeABEgEC8LxeEDfwABIBAvC8XhBGAAESAQLxIF4QVBAAEgEC8YReEGIgARIBAvHoXhBwMAASAQLx6F4QfkABEgEC8kxeEIxQABIBAvJMXhCaYAESAQLyTF4QqHAAEgEC8kxeELaAARIBAvKwXhDEkAASAQLzFF4Q0qABEgEC83heEOCwARIBAvPcXhDuwAESAQL0QF4Q/NAAEgEC9EBeEQrgARIBAvRAXhEY8AESAQL1bF4RJwAAEgEC9WxeETUQARIBAvVsXhFDIAASAQL1bF4RUTABEgEC9dBeEV9AARIBAbqUXhFtUAMSAQG6lF4Re2AAEgEBupReEYlwARIBAbr4XhGXgAASAQL10F4RpZABEgEC9jReEbOgABIBAvb8XhHBsAESAQL2/F4Rz8AAEgEC9vxeEd3QARIBAvdgXhHr4AASAQL3YF4R+fABEgEC98Q="
}